sim_id 1: ml aipw=0.3573 tmle=0.3517 scaipw=0.3604   [1 this run, 141.5s/dataset]
    fit retry 1 (row-shuffled) after: OptimizationError: PIRLS optimization has diverged.
Try increasing regularization, or specifying an initial value for self.coef_
sim_id 2: ml aipw=0.3447 tmle=0.3485 scaipw=0.4594   [2 this run, 145.5s/dataset]
    fit retry 1 (row-shuffled) after: OptimizationError: PIRLS optimization has diverged.
Try increasing regularization, or specifying an initial value for self.coef_
    fit retry 2 (row-shuffled) after: OptimizationError: PIRLS optimization has diverged.
Try increasing regularization, or specifying an initial value for self.coef_
    fit retry 3 (row-shuffled) after: OptimizationError: PIRLS optimization has diverged.
Try increasing regularization, or specifying an initial value for self.coef_
    fit retry 4 (row-shuffled) after: OptimizationError: PIRLS optimization has diverged.
Try increasing regularization, or specifying an initial value for self.coef_
    FALLBACK: logistic regression used for this single nuisance fit (super learner failed all attempts)
sim_id 3: ml aipw=0.3465 tmle=0.3524 scaipw=0.3561   [3 this run, 151.7s/dataset]
    fit retry 1 (row-shuffled) after: OptimizationError: PIRLS optimization has diverged.
Try increasing regularization, or specifying an initial value for self.coef_
did not converge
did not converge
sim_id 4: ml aipw=0.3375 tmle=0.3403 scaipw=0.3418   [4 this run, 155.9s/dataset]
sim_id 5: ml aipw=0.3330 tmle=0.3366 scaipw=0.3188   [5 this run, 155.6s/dataset]
sim_id 6: ml aipw=0.3587 tmle=0.3602 scaipw=0.6463   [6 this run, 155.5s/dataset]
    fit retry 1 (row-shuffled) after: OptimizationError: PIRLS optimization has diverged.
Try increasing regularization, or specifying an initial value for self.coef_
    fit retry 2 (row-shuffled) after: OptimizationError: PIRLS optimization has diverged.
Try increasing regularization, or specifying an initial value for self.coef_
    fit retry 3 (row-shuffled) after: OptimizationError: PIRLS optimization has diverged.
Try increasing regularization, or specifying an initial value for self.coef_
    fit retry 4 (row-shuffled) after: OptimizationError: PIRLS optimization has diverged.
Try increasing regularization, or specifying an initial value for self.coef_
    FALLBACK: logistic regression used for this single nuisance fit (super learner failed all attempts)
did not converge
did not converge
did not converge
did not converge
did not converge
did not converge
did not converge
sim_id 7: ml aipw=0.3232 tmle=0.3279 scaipw=0.3487   [7 this run, 157.2s/dataset]
sim_id 8: ml aipw=0.3438 tmle=0.3465 scaipw=0.3399   [8 this run, 156.6s/dataset]
sim_id 9: ml aipw=0.3473 tmle=0.3547 scaipw=0.3666   [9 this run, 156.3s/dataset]
did not converge
    fit retry 1 (row-shuffled) after: OptimizationError: PIRLS optimization has diverged.
Try increasing regularization, or specifying an initial value for self.coef_
did not converge
    fit retry 2 (row-shuffled) after: OptimizationError: PIRLS optimization has diverged.
Try increasing regularization, or specifying an initial value for self.coef_
did not converge
sim_id 10: ml aipw=0.3224 tmle=0.3318 scaipw=0.3164   [10 this run, 157.0s/dataset]
sim_id 11: ml aipw=0.3060 tmle=0.3079 scaipw=0.3537   [11 this run, 156.9s/dataset]
did not converge
did not converge
did not converge
sim_id 12: ml aipw=0.3549 tmle=0.3576 scaipw=0.4153   [12 this run, 156.7s/dataset]
sim_id 13: ml aipw=0.3533 tmle=0.3545 scaipw=0.3610   [13 this run, 156.5s/dataset]
sim_id 14: ml aipw=0.3255 tmle=0.3272 scaipw=0.3863   [14 this run, 156.4s/dataset]
did not converge
did not converge
did not converge
did not converge
did not converge
sim_id 15: ml aipw=0.3737 tmle=0.3777 scaipw=0.3396   [15 this run, 156.2s/dataset]
sim_id 16: ml aipw=0.3452 tmle=0.3513 scaipw=0.3427   [16 this run, 156.1s/dataset]
    fit retry 1 (row-shuffled) after: OptimizationError: PIRLS optimization has diverged.
Try increasing regularization, or specifying an initial value for self.coef_
    fit retry 2 (row-shuffled) after: OptimizationError: PIRLS optimization has diverged.
Try increasing regularization, or specifying an initial value for self.coef_
    fit retry 3 (row-shuffled) after: OptimizationError: PIRLS optimization has diverged.
Try increasing regularization, or specifying an initial value for self.coef_
sim_id 17: ml aipw=0.3109 tmle=0.3123 scaipw=0.2874   [17 this run, 156.8s/dataset]
sim_id 18: ml aipw=0.3357 tmle=0.3448 scaipw=0.3335   [18 this run, 156.6s/dataset]
sim_id 19: ml aipw=0.3403 tmle=0.3436 scaipw=0.3824   [19 this run, 156.4s/dataset]
sim_id 20: ml aipw=0.3434 tmle=0.3451 scaipw=0.3391   [20 this run, 156.5s/dataset]
sim_id 21: ml aipw=0.3459 tmle=0.3475 scaipw=0.3364   [21 this run, 156.4s/dataset]
sim_id 22: ml aipw=0.3299 tmle=0.3347 scaipw=0.3166   [22 this run, 156.3s/dataset]
    fit retry 1 (row-shuffled) after: OptimizationError: PIRLS optimization has diverged.
Try increasing regularization, or specifying an initial value for self.coef_
sim_id 23: ml aipw=0.3400 tmle=0.3436 scaipw=0.4200   [23 this run, 156.1s/dataset]
sim_id 24: ml aipw=0.3279 tmle=0.3312 scaipw=0.3320   [24 this run, 156.0s/dataset]
    fit retry 1 (row-shuffled) after: OptimizationError: PIRLS optimization has diverged.
Try increasing regularization, or specifying an initial value for self.coef_
sim_id 25: ml aipw=0.3323 tmle=0.3365 scaipw=0.3534   [25 this run, 156.3s/dataset]
sim_id 26: ml aipw=0.3464 tmle=0.3483 scaipw=0.3549   [26 this run, 156.3s/dataset]
    fit retry 1 (row-shuffled) after: OptimizationError: PIRLS optimization has diverged.
Try increasing regularization, or specifying an initial value for self.coef_
    fit retry 2 (row-shuffled) after: OptimizationError: PIRLS optimization has diverged.
Try increasing regularization, or specifying an initial value for self.coef_
    fit retry 3 (row-shuffled) after: OptimizationError: PIRLS optimization has diverged.
Try increasing regularization, or specifying an initial value for self.coef_
    fit retry 4 (row-shuffled) after: OptimizationError: PIRLS optimization has diverged.
Try increasing regularization, or specifying an initial value for self.coef_
    FALLBACK: logistic regression used for this single nuisance fit (super learner failed all attempts)
sim_id 27: ml aipw=0.3449 tmle=0.3486 scaipw=0.3385   [27 this run, 157.3s/dataset]
sim_id 28: ml aipw=0.3131 tmle=0.3197 scaipw=0.3193   [28 this run, 157.2s/dataset]
sim_id 29: ml aipw=0.3257 tmle=0.3314 scaipw=0.3261   [29 this run, 157.4s/dataset]
sim_id 30: ml aipw=0.3383 tmle=0.3401 scaipw=0.3381   [30 this run, 157.7s/dataset]
    fit retry 1 (row-shuffled) after: OptimizationError: PIRLS optimization has diverged.
Try increasing regularization, or specifying an initial value for self.coef_
did not converge
did not converge
did not converge
did not converge
did not converge
did not converge
sim_id 31: ml aipw=0.3068 tmle=0.3114 scaipw=0.3902   [31 this run, 159.5s/dataset]
    fit retry 1 (row-shuffled) after: OptimizationError: PIRLS optimization has diverged.
Try increasing regularization, or specifying an initial value for self.coef_
    fit retry 2 (row-shuffled) after: OptimizationError: PIRLS optimization has diverged.
Try increasing regularization, or specifying an initial value for self.coef_
sim_id 32: ml aipw=0.3394 tmle=0.3418 scaipw=0.3353   [32 this run, 160.6s/dataset]
sim_id 33: ml aipw=0.3670 tmle=0.3694 scaipw=0.3576   [33 this run, 163.0s/dataset]
    fit retry 1 (row-shuffled) after: OptimizationError: PIRLS optimization has diverged.
Try increasing regularization, or specifying an initial value for self.coef_
did not converge
did not converge
    fit retry 1 (row-shuffled) after: OptimizationError: PIRLS optimization has diverged.
Try increasing regularization, or specifying an initial value for self.coef_
    fit retry 2 (row-shuffled) after: OptimizationError: PIRLS optimization has diverged.
Try increasing regularization, or specifying an initial value for self.coef_
    fit retry 3 (row-shuffled) after: OptimizationError: PIRLS optimization has diverged.
Try increasing regularization, or specifying an initial value for self.coef_
    fit retry 4 (row-shuffled) after: OptimizationError: PIRLS optimization has diverged.
Try increasing regularization, or specifying an initial value for self.coef_
    FALLBACK: logistic regression used for this single nuisance fit (super learner failed all attempts)
sim_id 34: ml aipw=0.3669 tmle=0.3677 scaipw=0.3731   [34 this run, 163.8s/dataset]
sim_id 35: ml aipw=0.3319 tmle=0.3335 scaipw=0.3379   [35 this run, 164.3s/dataset]
did not converge
    fit retry 1 (row-shuffled) after: OptimizationError: PIRLS optimization has diverged.
Try increasing regularization, or specifying an initial value for self.coef_
did not converge
    fit retry 2 (row-shuffled) after: OptimizationError: PIRLS optimization has diverged.
Try increasing regularization, or specifying an initial value for self.coef_
did not converge
    fit retry 3 (row-shuffled) after: OptimizationError: PIRLS optimization has diverged.
Try increasing regularization, or specifying an initial value for self.coef_
    fit retry 4 (row-shuffled) after: OptimizationError: PIRLS optimization has diverged.
Try increasing regularization, or specifying an initial value for self.coef_
    FALLBACK: logistic regression used for this single nuisance fit (super learner failed all attempts)
sim_id 36: ml aipw=0.3635 tmle=0.3677 scaipw=0.3644   [36 this run, 166.3s/dataset]
sim_id 37: ml aipw=0.3272 tmle=0.3342 scaipw=0.3853   [37 this run, 172.5s/dataset]
sim_id 38: ml aipw=0.3740 tmle=0.3749 scaipw=0.6854   [38 this run, 179.6s/dataset]
sim_id 39: ml aipw=0.3250 tmle=0.3311 scaipw=0.3242   [39 this run, 186.5s/dataset]
sim_id 40: ml aipw=0.3266 tmle=0.3299 scaipw=0.3498   [40 this run, 192.6s/dataset]
sim_id 41: ml aipw=0.3366 tmle=0.3389 scaipw=0.3364   [41 this run, 198.9s/dataset]
sim_id 42: ml aipw=0.3038 tmle=0.3056 scaipw=0.2970   [42 this run, 204.5s/dataset]
    fit retry 1 (row-shuffled) after: OptimizationError: PIRLS optimization has diverged.
Try increasing regularization, or specifying an initial value for self.coef_
sim_id 43: ml aipw=0.3172 tmle=0.3190 scaipw=0.3549   [43 this run, 210.3s/dataset]
sim_id 44: ml aipw=0.3309 tmle=0.3380 scaipw=0.3239   [44 this run, 215.4s/dataset]
sim_id 45: ml aipw=0.3405 tmle=0.3442 scaipw=0.3775   [45 this run, 219.5s/dataset]
sim_id 46: ml aipw=0.3518 tmle=0.3548 scaipw=0.3291   [46 this run, 222.2s/dataset]
sim_id 47: ml aipw=0.3490 tmle=0.3540 scaipw=0.5609   [47 this run, 221.1s/dataset]
sim_id 48: ml aipw=0.3540 tmle=0.3562 scaipw=0.3464   [48 this run, 219.9s/dataset]
did not converge
did not converge
did not converge
    fit retry 1 (row-shuffled) after: OptimizationError: PIRLS optimization has diverged.
Try increasing regularization, or specifying an initial value for self.coef_
    fit retry 2 (row-shuffled) after: OptimizationError: PIRLS optimization has diverged.
Try increasing regularization, or specifying an initial value for self.coef_
    fit retry 3 (row-shuffled) after: OptimizationError: PIRLS optimization has diverged.
Try increasing regularization, or specifying an initial value for self.coef_
did not converge
did not converge
did not converge
did not converge
sim_id 49: ml aipw=0.3411 tmle=0.3526 scaipw=0.3839   [49 this run, 218.9s/dataset]
sim_id 50: ml aipw=0.3613 tmle=0.3618 scaipw=0.3559   [50 this run, 217.6s/dataset]
sim_id 51: ml aipw=0.3313 tmle=0.3424 scaipw=0.3012   [51 this run, 216.5s/dataset]
    fit retry 1 (row-shuffled) after: OptimizationError: PIRLS optimization has diverged.
Try increasing regularization, or specifying an initial value for self.coef_
    fit retry 1 (row-shuffled) after: OptimizationError: PIRLS optimization has diverged.
Try increasing regularization, or specifying an initial value for self.coef_
sim_id 52: ml aipw=0.3508 tmle=0.3510 scaipw=0.3424   [52 this run, 215.4s/dataset]
sim_id 53: ml aipw=0.3525 tmle=0.3538 scaipw=0.4353   [53 this run, 214.3s/dataset]
sim_id 54: ml aipw=0.3211 tmle=0.3227 scaipw=0.3177   [54 this run, 215.5s/dataset]
sim_id 55: ml aipw=0.3292 tmle=0.3312 scaipw=0.3119   [55 this run, 216.0s/dataset]
sim_id 56: ml aipw=0.3676 tmle=0.3767 scaipw=0.6553   [56 this run, 216.1s/dataset]
    fit retry 1 (row-shuffled) after: OptimizationError: PIRLS optimization has diverged.
Try increasing regularization, or specifying an initial value for self.coef_
sim_id 57: ml aipw=0.3478 tmle=0.3530 scaipw=0.5804   [57 this run, 216.4s/dataset]
sim_id 58: ml aipw=0.3395 tmle=0.3476 scaipw=0.3366   [58 this run, 216.4s/dataset]
sim_id 59: ml aipw=0.3185 tmle=0.3168 scaipw=0.3361   [59 this run, 216.3s/dataset]
sim_id 60: ml aipw=0.3404 tmle=0.3526 scaipw=0.4048   [60 this run, 216.3s/dataset]
sim_id 61: ml aipw=0.3546 tmle=0.3585 scaipw=0.5181   [61 this run, 216.3s/dataset]
sim_id 62: ml aipw=0.3327 tmle=0.3371 scaipw=0.3420   [62 this run, 216.2s/dataset]
sim_id 63: ml aipw=0.3623 tmle=0.3686 scaipw=0.3735   [63 this run, 216.2s/dataset]
    fit retry 1 (row-shuffled) after: OptimizationError: PIRLS optimization has diverged.
Try increasing regularization, or specifying an initial value for self.coef_
sim_id 64: ml aipw=0.3234 tmle=0.3293 scaipw=0.3293   [64 this run, 216.3s/dataset]
sim_id 65: ml aipw=0.3576 tmle=0.3610 scaipw=0.3583   [65 this run, 216.3s/dataset]
sim_id 66: ml aipw=0.3270 tmle=0.3312 scaipw=0.4997   [66 this run, 216.2s/dataset]
sim_id 67: ml aipw=0.3461 tmle=0.3522 scaipw=0.3574   [67 this run, 216.2s/dataset]
sim_id 68: ml aipw=0.3040 tmle=0.3064 scaipw=0.3238   [68 this run, 216.2s/dataset]
sim_id 69: ml aipw=0.3384 tmle=0.3427 scaipw=0.5301   [69 this run, 216.1s/dataset]
sim_id 70: ml aipw=0.3371 tmle=0.3450 scaipw=0.3682   [70 this run, 216.2s/dataset]
sim_id 71: ml aipw=0.3628 tmle=0.3691 scaipw=0.3425   [71 this run, 216.2s/dataset]
sim_id 72: ml aipw=0.3722 tmle=0.3765 scaipw=0.3845   [72 this run, 216.2s/dataset]
sim_id 73: ml aipw=0.3304 tmle=0.3333 scaipw=0.3372   [73 this run, 216.3s/dataset]
sim_id 74: ml aipw=0.3335 tmle=0.3369 scaipw=0.3405   [74 this run, 216.3s/dataset]
sim_id 75: ml aipw=0.3524 tmle=0.3727 scaipw=0.3781   [75 this run, 216.3s/dataset]
sim_id 76: ml aipw=0.3564 tmle=0.3600 scaipw=0.3921   [76 this run, 216.2s/dataset]
sim_id 77: ml aipw=0.3446 tmle=0.3527 scaipw=0.2497   [77 this run, 216.2s/dataset]
did not converge
did not converge
did not converge
did not converge
sim_id 78: ml aipw=0.3413 tmle=0.3516 scaipw=0.3431   [78 this run, 216.1s/dataset]
did not converge
did not converge
did not converge
did not converge
did not converge
    fit retry 1 (row-shuffled) after: OptimizationError: PIRLS optimization has diverged.
Try increasing regularization, or specifying an initial value for self.coef_
did not converge
did not converge
did not converge
did not converge
did not converge
did not converge
    fit retry 2 (row-shuffled) after: SLError: fmin_slsqp failed when trying to calculate coefficients
did not converge
    fit retry 3 (row-shuffled) after: OptimizationError: PIRLS optimization has diverged.
Try increasing regularization, or specifying an initial value for self.coef_
did not converge
    fit retry 4 (row-shuffled) after: OptimizationError: PIRLS optimization has diverged.
Try increasing regularization, or specifying an initial value for self.coef_
    FALLBACK: logistic regression used for this single nuisance fit (super learner failed all attempts)
sim_id 79: ml aipw=0.3475 tmle=0.3547 scaipw=0.5781   [79 this run, 216.4s/dataset]
sim_id 80: ml aipw=0.3454 tmle=0.3530 scaipw=0.3424   [80 this run, 216.4s/dataset]
sim_id 81: ml aipw=0.3464 tmle=0.3500 scaipw=0.4212   [81 this run, 216.3s/dataset]
did not converge
did not converge
did not converge
did not converge
did not converge
sim_id 82: ml aipw=0.3361 tmle=0.3377 scaipw=0.4372   [82 this run, 216.2s/dataset]
sim_id 83: ml aipw=0.3798 tmle=0.3799 scaipw=0.3683   [83 this run, 216.3s/dataset]
sim_id 84: ml aipw=0.3589 tmle=0.3616 scaipw=0.4426   [84 this run, 216.2s/dataset]
did not converge
did not converge
sim_id 85: ml aipw=0.3319 tmle=0.3356 scaipw=0.3504   [85 this run, 216.7s/dataset]
sim_id 86: ml aipw=0.3338 tmle=0.3402 scaipw=0.3391   [86 this run, 216.7s/dataset]
sim_id 87: ml aipw=0.3509 tmle=0.3584 scaipw=0.3697   [87 this run, 216.7s/dataset]
sim_id 88: ml aipw=0.3087 tmle=0.3121 scaipw=0.3144   [88 this run, 216.7s/dataset]
sim_id 89: ml aipw=0.3628 tmle=0.3729 scaipw=0.3962   [89 this run, 216.7s/dataset]
sim_id 90: ml aipw=0.3272 tmle=0.3355 scaipw=0.5243   [90 this run, 216.8s/dataset]
sim_id 91: ml aipw=0.3388 tmle=0.3430 scaipw=0.3232   [91 this run, 216.8s/dataset]
sim_id 92: ml aipw=0.3418 tmle=0.3427 scaipw=0.3380   [92 this run, 216.8s/dataset]
sim_id 93: ml aipw=0.3181 tmle=0.3200 scaipw=0.4165   [93 this run, 216.9s/dataset]
sim_id 94: ml aipw=0.3444 tmle=0.3551 scaipw=0.3374   [94 this run, 216.9s/dataset]
sim_id 95: ml aipw=0.3251 tmle=0.3306 scaipw=0.3260   [95 this run, 216.8s/dataset]
sim_id 96: ml aipw=0.3747 tmle=0.3762 scaipw=0.6763   [96 this run, 216.8s/dataset]
sim_id 97: ml aipw=0.3195 tmle=0.3210 scaipw=0.5438   [97 this run, 216.8s/dataset]
sim_id 98: ml aipw=0.3284 tmle=0.3319 scaipw=0.3697   [98 this run, 216.1s/dataset]
did not converge
    fit retry 1 (row-shuffled) after: OptimizationError: PIRLS optimization has diverged.
Try increasing regularization, or specifying an initial value for self.coef_
sim_id 99: ml aipw=0.3331 tmle=0.3370 scaipw=0.3453   [99 this run, 215.5s/dataset]
sim_id 100: ml aipw=0.3215 tmle=0.3423 scaipw=0.4072   [100 this run, 214.8s/dataset]
    fit retry 1 (row-shuffled) after: OptimizationError: PIRLS optimization has diverged.
Try increasing regularization, or specifying an initial value for self.coef_
sim_id 101: ml aipw=0.3540 tmle=0.3644 scaipw=0.3666   [101 this run, 214.2s/dataset]
sim_id 102: ml aipw=0.3692 tmle=0.3707 scaipw=0.3646   [102 this run, 213.5s/dataset]
sim_id 103: ml aipw=0.3243 tmle=0.3266 scaipw=0.3166   [103 this run, 212.9s/dataset]
sim_id 104: ml aipw=0.3242 tmle=0.3248 scaipw=0.3297   [104 this run, 212.2s/dataset]
    fit retry 1 (row-shuffled) after: OptimizationError: PIRLS optimization has diverged.
Try increasing regularization, or specifying an initial value for self.coef_
did not converge
did not converge
    fit retry 2 (row-shuffled) after: OptimizationError: PIRLS optimization has diverged.
Try increasing regularization, or specifying an initial value for self.coef_
    fit retry 3 (row-shuffled) after: OptimizationError: PIRLS optimization has diverged.
Try increasing regularization, or specifying an initial value for self.coef_
    fit retry 4 (row-shuffled) after: OptimizationError: PIRLS optimization has diverged.
Try increasing regularization, or specifying an initial value for self.coef_
    FALLBACK: logistic regression used for this single nuisance fit (super learner failed all attempts)
sim_id 105: ml aipw=0.3164 tmle=0.3190 scaipw=0.3723   [105 this run, 211.7s/dataset]
sim_id 106: ml aipw=0.3397 tmle=0.3399 scaipw=0.3714   [106 this run, 211.1s/dataset]
sim_id 107: ml aipw=0.3560 tmle=0.3596 scaipw=0.3375   [107 this run, 210.5s/dataset]
sim_id 108: ml aipw=0.3337 tmle=0.3363 scaipw=0.3461   [108 this run, 209.9s/dataset]
sim_id 109: ml aipw=0.3431 tmle=0.3598 scaipw=0.3436   [109 this run, 209.3s/dataset]
sim_id 110: ml aipw=0.3290 tmle=0.3356 scaipw=0.3233   [110 this run, 208.7s/dataset]
did not converge
sim_id 111: ml aipw=0.3456 tmle=0.3651 scaipw=0.3427   [111 this run, 208.1s/dataset]
sim_id 112: ml aipw=0.3316 tmle=0.3370 scaipw=0.3902   [112 this run, 207.6s/dataset]
sim_id 113: ml aipw=0.3494 tmle=0.3432 scaipw=0.3641   [113 this run, 207.0s/dataset]
sim_id 114: ml aipw=0.3195 tmle=0.3216 scaipw=0.3301   [114 this run, 206.5s/dataset]
sim_id 115: ml aipw=0.3169 tmle=0.3237 scaipw=0.3539   [115 this run, 206.0s/dataset]
sim_id 116: ml aipw=0.3320 tmle=0.3364 scaipw=0.3257   [116 this run, 205.5s/dataset]
sim_id 117: ml aipw=0.3688 tmle=0.3733 scaipw=0.3741   [117 this run, 204.9s/dataset]
sim_id 118: ml aipw=0.3455 tmle=0.3466 scaipw=0.3372   [118 this run, 204.4s/dataset]
    fit retry 1 (row-shuffled) after: OptimizationError: PIRLS optimization has diverged.
Try increasing regularization, or specifying an initial value for self.coef_
sim_id 119: ml aipw=0.3153 tmle=0.3208 scaipw=0.3034   [119 this run, 204.0s/dataset]
sim_id 120: ml aipw=0.3277 tmle=0.3303 scaipw=0.3406   [120 this run, 203.5s/dataset]
sim_id 121: ml aipw=0.3409 tmle=0.3507 scaipw=0.3946   [121 this run, 203.0s/dataset]
sim_id 122: ml aipw=0.3482 tmle=0.3533 scaipw=0.3535   [122 this run, 202.5s/dataset]
sim_id 123: ml aipw=0.3412 tmle=0.3601 scaipw=0.3646   [123 this run, 202.1s/dataset]
sim_id 124: ml aipw=0.3120 tmle=0.3146 scaipw=0.1937   [124 this run, 201.6s/dataset]
sim_id 125: ml aipw=0.3217 tmle=0.3258 scaipw=0.3407   [125 this run, 201.2s/dataset]
sim_id 126: ml aipw=0.2860 tmle=0.2872 scaipw=0.2900   [126 this run, 200.7s/dataset]
sim_id 127: ml aipw=0.3349 tmle=0.3307 scaipw=0.3337   [127 this run, 200.3s/dataset]
sim_id 128: ml aipw=0.3509 tmle=0.3531 scaipw=0.4297   [128 this run, 199.8s/dataset]
sim_id 129: ml aipw=0.3376 tmle=0.3418 scaipw=0.3364   [129 this run, 199.4s/dataset]
did not converge
did not converge
sim_id 130: ml aipw=0.3385 tmle=0.3442 scaipw=0.3705   [130 this run, 199.0s/dataset]
sim_id 131: ml aipw=0.3722 tmle=0.3742 scaipw=0.3745   [131 this run, 198.6s/dataset]
sim_id 132: ml aipw=0.3296 tmle=0.3334 scaipw=0.3316   [132 this run, 198.4s/dataset]
sim_id 133: ml aipw=0.3319 tmle=0.3352 scaipw=0.3305   [133 this run, 198.3s/dataset]
sim_id 134: ml aipw=0.3524 tmle=0.3530 scaipw=0.3360   [134 this run, 198.3s/dataset]
    fit retry 1 (row-shuffled) after: OptimizationError: PIRLS optimization has diverged.
Try increasing regularization, or specifying an initial value for self.coef_
sim_id 135: ml aipw=0.3436 tmle=0.3470 scaipw=0.4277   [135 this run, 198.4s/dataset]
sim_id 136: ml aipw=0.3542 tmle=0.3573 scaipw=0.4046   [136 this run, 198.8s/dataset]
sim_id 137: ml aipw=0.3447 tmle=0.3535 scaipw=0.3554   [137 this run, 199.3s/dataset]
did not converge
sim_id 138: ml aipw=0.3294 tmle=0.3449 scaipw=0.3251   [138 this run, 199.8s/dataset]
sim_id 139: ml aipw=0.3163 tmle=0.3236 scaipw=0.3035   [139 this run, 200.0s/dataset]
    fit retry 1 (row-shuffled) after: OptimizationError: PIRLS optimization has diverged.
Try increasing regularization, or specifying an initial value for self.coef_
sim_id 140: ml aipw=0.3066 tmle=0.3138 scaipw=0.3146   [140 this run, 201.9s/dataset]
sim_id 141: ml aipw=0.3392 tmle=0.3437 scaipw=0.4207   [141 this run, 204.5s/dataset]
sim_id 142: ml aipw=0.3504 tmle=0.3551 scaipw=0.4530   [142 this run, 207.1s/dataset]
sim_id 143: ml aipw=0.3404 tmle=0.3445 scaipw=0.3797   [143 this run, 209.9s/dataset]
sim_id 144: ml aipw=0.3241 tmle=0.3289 scaipw=0.3137   [144 this run, 212.5s/dataset]
did not converge
sim_id 145: ml aipw=0.3322 tmle=0.3347 scaipw=0.3427   [145 this run, 214.9s/dataset]
sim_id 146: ml aipw=0.3675 tmle=0.3682 scaipw=0.3955   [146 this run, 217.4s/dataset]
    fit retry 1 (row-shuffled) after: OptimizationError: PIRLS optimization has diverged.
Try increasing regularization, or specifying an initial value for self.coef_
did not converge
did not converge
did not converge
did not converge
did not converge
did not converge
sim_id 147: ml aipw=0.3486 tmle=0.3505 scaipw=0.3529   [147 this run, 219.7s/dataset]
    fit retry 1 (row-shuffled) after: OptimizationError: PIRLS optimization has diverged.
Try increasing regularization, or specifying an initial value for self.coef_
    fit retry 2 (row-shuffled) after: OptimizationError: PIRLS optimization has diverged.
Try increasing regularization, or specifying an initial value for self.coef_
    fit retry 3 (row-shuffled) after: OptimizationError: PIRLS optimization has diverged.
Try increasing regularization, or specifying an initial value for self.coef_
    fit retry 4 (row-shuffled) after: OptimizationError: PIRLS optimization has diverged.
Try increasing regularization, or specifying an initial value for self.coef_
    FALLBACK: logistic regression used for this single nuisance fit (super learner failed all attempts)
sim_id 148: ml aipw=0.3323 tmle=0.3391 scaipw=0.3315   [148 this run, 222.0s/dataset]
sim_id 149: ml aipw=0.3235 tmle=0.3271 scaipw=0.2237   [149 this run, 224.3s/dataset]
sim_id 150: ml aipw=0.3249 tmle=0.3288 scaipw=0.4459   [150 this run, 226.5s/dataset]
    fit retry 1 (row-shuffled) after: OptimizationError: PIRLS optimization has diverged.
Try increasing regularization, or specifying an initial value for self.coef_
sim_id 151: ml aipw=0.3360 tmle=0.3422 scaipw=0.4308   [151 this run, 228.7s/dataset]
    fit retry 1 (row-shuffled) after: OptimizationError: PIRLS optimization has diverged.
Try increasing regularization, or specifying an initial value for self.coef_
sim_id 152: ml aipw=0.3128 tmle=0.3126 scaipw=0.3180   [152 this run, 230.3s/dataset]
did not converge
did not converge
did not converge
did not converge
did not converge
did not converge
did not converge
did not converge
sim_id 153: ml aipw=0.3467 tmle=0.3512 scaipw=0.3401   [153 this run, 231.8s/dataset]
sim_id 154: ml aipw=0.3366 tmle=0.3383 scaipw=0.3619   [154 this run, 231.7s/dataset]
sim_id 155: ml aipw=0.3365 tmle=0.3439 scaipw=0.3205   [155 this run, 231.5s/dataset]
sim_id 156: ml aipw=0.3328 tmle=0.3432 scaipw=0.3668   [156 this run, 231.3s/dataset]
    fit retry 1 (row-shuffled) after: OptimizationError: PIRLS optimization has diverged.
Try increasing regularization, or specifying an initial value for self.coef_
    fit retry 2 (row-shuffled) after: OptimizationError: PIRLS optimization has diverged.
Try increasing regularization, or specifying an initial value for self.coef_
    fit retry 3 (row-shuffled) after: OptimizationError: PIRLS optimization has diverged.
Try increasing regularization, or specifying an initial value for self.coef_
    fit retry 4 (row-shuffled) after: OptimizationError: PIRLS optimization has diverged.
Try increasing regularization, or specifying an initial value for self.coef_
    FALLBACK: logistic regression used for this single nuisance fit (super learner failed all attempts)
sim_id 157: ml aipw=0.3651 tmle=0.3665 scaipw=0.3381   [157 this run, 231.2s/dataset]
sim_id 158: ml aipw=0.3518 tmle=0.3546 scaipw=0.2557   [158 this run, 231.0s/dataset]
did not converge
    fit retry 1 (row-shuffled) after: OptimizationError: PIRLS optimization has diverged.
Try increasing regularization, or specifying an initial value for self.coef_
did not converge
did not converge
    fit retry 1 (row-shuffled) after: OptimizationError: PIRLS optimization has diverged.
Try increasing regularization, or specifying an initial value for self.coef_
sim_id 159: ml aipw=0.3507 tmle=0.3641 scaipw=0.4045   [159 this run, 231.1s/dataset]
    fit retry 1 (row-shuffled) after: OptimizationError: PIRLS optimization has diverged.
Try increasing regularization, or specifying an initial value for self.coef_
sim_id 160: ml aipw=0.3399 tmle=0.3424 scaipw=0.3221   [160 this run, 231.7s/dataset]
sim_id 161: ml aipw=0.3342 tmle=0.3365 scaipw=0.3448   [161 this run, 232.5s/dataset]
sim_id 162: ml aipw=0.3250 tmle=0.3302 scaipw=0.3289   [162 this run, 233.1s/dataset]
sim_id 163: ml aipw=0.3312 tmle=0.3335 scaipw=0.3361   [163 this run, 233.8s/dataset]
did not converge
did not converge
did not converge
did not converge
did not converge
sim_id 164: ml aipw=0.3333 tmle=0.3338 scaipw=0.3674   [164 this run, 234.4s/dataset]
sim_id 165: ml aipw=0.3087 tmle=0.3179 scaipw=0.3652   [165 this run, 234.9s/dataset]
    fit retry 1 (row-shuffled) after: OptimizationError: PIRLS optimization has diverged.
Try increasing regularization, or specifying an initial value for self.coef_
    fit retry 2 (row-shuffled) after: OptimizationError: PIRLS optimization has diverged.
Try increasing regularization, or specifying an initial value for self.coef_
    fit retry 1 (row-shuffled) after: OptimizationError: PIRLS optimization has diverged.
Try increasing regularization, or specifying an initial value for self.coef_
    fit retry 2 (row-shuffled) after: OptimizationError: PIRLS optimization has diverged.
Try increasing regularization, or specifying an initial value for self.coef_
    fit retry 3 (row-shuffled) after: OptimizationError: PIRLS optimization has diverged.
Try increasing regularization, or specifying an initial value for self.coef_
    fit retry 4 (row-shuffled) after: OptimizationError: PIRLS optimization has diverged.
Try increasing regularization, or specifying an initial value for self.coef_
    FALLBACK: logistic regression used for this single nuisance fit (super learner failed all attempts)
    fit retry 1 (row-shuffled) after: OptimizationError: PIRLS optimization has diverged.
Try increasing regularization, or specifying an initial value for self.coef_
sim_id 166: ml aipw=0.3369 tmle=0.3449 scaipw=0.3511   [166 this run, 235.5s/dataset]
sim_id 167: ml aipw=0.3212 tmle=0.3397 scaipw=0.5550   [167 this run, 236.0s/dataset]
sim_id 168: ml aipw=0.3457 tmle=0.3503 scaipw=0.3714   [168 this run, 236.5s/dataset]
    fit retry 1 (row-shuffled) after: OptimizationError: PIRLS optimization has diverged.
Try increasing regularization, or specifying an initial value for self.coef_
    fit retry 2 (row-shuffled) after: OptimizationError: PIRLS optimization has diverged.
Try increasing regularization, or specifying an initial value for self.coef_
    fit retry 3 (row-shuffled) after: OptimizationError: PIRLS optimization has diverged.
Try increasing regularization, or specifying an initial value for self.coef_
sim_id 169: ml aipw=0.3691 tmle=0.3760 scaipw=0.3601   [169 this run, 237.2s/dataset]
sim_id 170: ml aipw=0.3483 tmle=0.3502 scaipw=0.3449   [170 this run, 237.6s/dataset]
sim_id 171: ml aipw=0.3216 tmle=0.3394 scaipw=0.3486   [171 this run, 238.0s/dataset]
sim_id 172: ml aipw=0.3403 tmle=0.3434 scaipw=0.3403   [172 this run, 239.3s/dataset]
sim_id 173: ml aipw=0.3330 tmle=0.3416 scaipw=0.3273   [173 this run, 240.5s/dataset]
sim_id 174: ml aipw=0.3615 tmle=0.3625 scaipw=0.3789   [174 this run, 242.1s/dataset]
sim_id 175: ml aipw=0.3448 tmle=0.3504 scaipw=0.3450   [175 this run, 243.6s/dataset]
sim_id 176: ml aipw=0.3271 tmle=0.3316 scaipw=0.3260   [176 this run, 245.2s/dataset]
sim_id 177: ml aipw=0.3652 tmle=0.3681 scaipw=0.6158   [177 this run, 246.6s/dataset]
sim_id 178: ml aipw=0.3573 tmle=0.3584 scaipw=0.3433   [178 this run, 248.1s/dataset]
did not converge
    fit retry 1 (row-shuffled) after: OptimizationError: PIRLS optimization has diverged.
Try increasing regularization, or specifying an initial value for self.coef_
sim_id 179: ml aipw=0.3236 tmle=0.3277 scaipw=0.3194   [179 this run, 249.7s/dataset]
    fit retry 1 (row-shuffled) after: OptimizationError: PIRLS optimization has diverged.
Try increasing regularization, or specifying an initial value for self.coef_
sim_id 180: ml aipw=0.3590 tmle=0.3620 scaipw=0.3695   [180 this run, 251.3s/dataset]
did not converge
sim_id 181: ml aipw=0.3324 tmle=0.3355 scaipw=0.3395   [181 this run, 252.8s/dataset]
sim_id 182: ml aipw=0.3117 tmle=0.3141 scaipw=0.3012   [182 this run, 254.2s/dataset]
did not converge
    fit retry 1 (row-shuffled) after: OptimizationError: PIRLS optimization has diverged.
Try increasing regularization, or specifying an initial value for self.coef_
    fit retry 2 (row-shuffled) after: OptimizationError: PIRLS optimization has diverged.
Try increasing regularization, or specifying an initial value for self.coef_
did not converge
    fit retry 3 (row-shuffled) after: OptimizationError: PIRLS optimization has diverged.
Try increasing regularization, or specifying an initial value for self.coef_
did not converge
    fit retry 4 (row-shuffled) after: OptimizationError: PIRLS optimization has diverged.
Try increasing regularization, or specifying an initial value for self.coef_
    FALLBACK: logistic regression used for this single nuisance fit (super learner failed all attempts)
    fit retry 1 (row-shuffled) after: OptimizationError: PIRLS optimization has diverged.
Try increasing regularization, or specifying an initial value for self.coef_
    fit retry 2 (row-shuffled) after: OptimizationError: PIRLS optimization has diverged.
Try increasing regularization, or specifying an initial value for self.coef_
    fit retry 3 (row-shuffled) after: OptimizationError: PIRLS optimization has diverged.
Try increasing regularization, or specifying an initial value for self.coef_
    fit retry 4 (row-shuffled) after: OptimizationError: PIRLS optimization has diverged.
Try increasing regularization, or specifying an initial value for self.coef_
    FALLBACK: logistic regression used for this single nuisance fit (super learner failed all attempts)
sim_id 183: ml aipw=0.3408 tmle=0.3427 scaipw=0.3102   [183 this run, 256.0s/dataset]
sim_id 184: ml aipw=0.3256 tmle=0.3335 scaipw=0.5019   [184 this run, 257.4s/dataset]
sim_id 185: ml aipw=0.3546 tmle=0.3563 scaipw=0.3473   [185 this run, 258.8s/dataset]
sim_id 186: ml aipw=0.3659 tmle=0.3680 scaipw=0.3526   [186 this run, 260.2s/dataset]
sim_id 187: ml aipw=0.3124 tmle=0.3359 scaipw=0.3245   [187 this run, 261.7s/dataset]
sim_id 188: ml aipw=0.3321 tmle=0.3415 scaipw=0.3210   [188 this run, 263.0s/dataset]
sim_id 189: ml aipw=0.3638 tmle=0.3709 scaipw=0.3621   [189 this run, 264.2s/dataset]
did not converge
did not converge
sim_id 190: ml aipw=0.3059 tmle=0.3096 scaipw=0.3793   [190 this run, 265.2s/dataset]
sim_id 191: ml aipw=0.3264 tmle=0.3294 scaipw=0.3479   [191 this run, 266.3s/dataset]
sim_id 192: ml aipw=0.3429 tmle=0.3439 scaipw=0.3428   [192 this run, 267.4s/dataset]
sim_id 193: ml aipw=0.3475 tmle=0.3479 scaipw=0.3328   [193 this run, 268.2s/dataset]
sim_id 194: ml aipw=0.3269 tmle=0.3299 scaipw=0.3919   [194 this run, 267.9s/dataset]
    fit retry 1 (row-shuffled) after: OptimizationError: PIRLS optimization has diverged.
Try increasing regularization, or specifying an initial value for self.coef_
did not converge
sim_id 195: ml aipw=0.3130 tmle=0.3168 scaipw=0.2895   [195 this run, 267.6s/dataset]
    fit retry 1 (row-shuffled) after: OptimizationError: PIRLS optimization has diverged.
Try increasing regularization, or specifying an initial value for self.coef_
sim_id 196: ml aipw=0.3255 tmle=0.3358 scaipw=0.3021   [196 this run, 267.3s/dataset]
sim_id 197: ml aipw=0.3521 tmle=0.3547 scaipw=0.4676   [197 this run, 267.0s/dataset]
sim_id 198: ml aipw=0.3566 tmle=0.3635 scaipw=0.4546   [198 this run, 266.7s/dataset]
sim_id 199: ml aipw=0.3270 tmle=0.3311 scaipw=0.4339   [199 this run, 266.5s/dataset]
sim_id 200: ml aipw=0.3586 tmle=0.3685 scaipw=0.3812   [200 this run, 266.2s/dataset]
    fit retry 1 (row-shuffled) after: OptimizationError: PIRLS optimization has diverged.
Try increasing regularization, or specifying an initial value for self.coef_
